GIT学习笔记
一、版本库概念
什么是版本库呢？版本库又名仓库，英文名repository，你可以简单理解成一个目录，这个目录里面的所有文件都可以被Git管理起来，每个文件的修改、删除，Git都能跟踪，以便任何时刻都可以追踪历史，或者在将来某个时刻可以“还原”。
二、建立一个版本库
1、创建一个版本库非常简单，首先，选择一个合适的地方，创建一个空目录：
$ mkdir learngit
$ cd learngit
$ pwd
/Users/michael/learngit

2、第二步，通过git init命令把这个目录变成Git可以管理的仓库：
$ git init
Initialized empty Git repository in /Users/michael/learngit/.git/

每改一次，产生一个ID，若一次改很多，那也是产生一个ID，在返回时anID返回。
三、把文件添加到版本库
首先这里再明确一下，所有的版本控制系统，其实只能跟踪文本文件的改动，比如TXT文件，网页，所有的程序代码等等，Git也不例外。版本控制系统可以告诉你每次的改动，比如在第5行加了一个单词“Linux”，在第8行删了一个单词“Windows”。而图片、视频这些二进制文件，虽然也能由版本控制系统管理，但没法跟踪文件的变化，只能把二进制文件每次改动串起来，也就是只知道图片从100KB改成了120KB，但到底改了啥，版本控制系统不知道，也没法知道。
不幸的是，Microsoft的Word格式是二进制格式，因此，版本控制系统是没法跟踪Word文件的改动的，前面我们举的例子只是为了演示，如果要真正使用版本控制系统，就要以纯文本方式编写文件。
因为文本是有编码的，比如中文有常用的GBK编码，日文有Shift_JIS编码，如果没有历史遗留问题，强烈建议使用标准的UTF-8编码，所有语言使用同一种编码，既没有冲突，又被所有平台所支持。

1、建立一个文件用命令git add告诉Git，把文件添加到仓库：
$ git add readme.txt

2、用命令git commit告诉Git，把文件提交到仓库：
$ git commit -m "wrote a readme file"
[master (root-commit) cb926e7] wrote a readme file
 1 file changed, 2 insertions(+)
 create mode 100644 readme.txt
简单解释一下git commit命令，-m后面输入的是本次提交的说明，可以输入任意内容，当然最好是有意义的，这样你就能从历史记录里方便地找到改动记录。
嫌麻烦不想输入-m "xxx"行不行？确实有办法可以这么干，但是强烈不建议你这么干，因为输入说明对自己对别人阅读都很重要。实在不想输入说明的童鞋请自行Google，我不告诉你这个参数。
git commit命令执行成功后会告诉你，1个文件被改动（我们新添加的readme.txt文件），插入了两行内容（readme.txt有两行内容）。
为什么Git添加文件需要add，commit一共两步呢？因为commit可以一次提交很多文件，所以你可以多次add不同的文件，比如：
$ git add file1.txt
$ git add file2.txt file3.txt
$ git commit -m "add 3 files."

3、运行git status命令看看结果：
$ git status
# On branch master
# Changes not staged for commit:
#   (use "git add <file>..." to update what will be committed)
#   (use "git checkout -- <file>..." to discard changes in working directory)
#
#    modified:   readme.txt
#
no changes added to commit (use "git add" and/or "git commit -a")


git status命令可以让我们时刻掌握仓库当前的状态，上面的命令告诉我们，readme.txt被修改过了，但还没有准备提交的修改。
虽然Git告诉我们readme.txt被修改了，但如果能看看具体修改了什么内容，自然是很好的。比如你休假两周从国外回来，第一天上班时，已经记不清上次怎么修改的readme.txt，所以，需要用git diff这个命令看看：

$ git diff readme.txt 
diff --git a/readme.txt b/readme.txt
index 46d49bf..9247db6 100644
--- a/readme.txt
+++ b/readme.txt
@@ -1,2 +1,2 @@
-Git is a version control system.
+Git is a distributed version control system.
 Git is free software.

git diff顾名思义就是查看difference，显示的格式正是Unix通用的diff格式，可以从上面的命令输出看到，我们在第一行添加了一个“distributed”单词。
知道了对readme.txt作了什么修改后，再把它提交到仓库就放心多了，提交修改和提交新文件是一样的两步，第一步是git add：
同样没有任何输出。在执行第二步git commit之前，我们再运行git status看看当前仓库的状态：
git status告诉我们，将要被提交的修改包括readme.txt，下一步，就可以放心地提交了：
提交后，我们再用git status命令看看仓库的当前状态：
it告诉我们当前没有需要提交的修改，而且，工作目录是干净（working directory clean）的。

像这样，你不断对文件进行修改，然后不断提交修改到版本库里，就好比玩RPG游戏时，每通过一关就会自动把游戏状态存盘，如果某一关没过去，你还可以选择读取前一关的状态。有些时候，在打Boss之前，你会手动存盘，以便万一打Boss失败了，可以从最近的地方重新开始。Git也是一样，每当你觉得文件修改到一定程度的时候，就可以“保存一个快照”，这个快照在Git中被称为commit。一旦你把文件改乱了，或者误删了文件，还可以从最近的一个commit恢复，然后继续工作，而不是把几个月的工作成果全部丢失。

4、查看记录
当然了，在实际工作中，我们脑子里怎么可能记得一个几千行的文件每次都改了什么内容，不然要版本控制系统干什么。版本控制系统肯定有某个命令可以告诉我们历史记录，在Git中，我们用git log命令查看：
$ git log
commit 8c9c9c849da7c04a05f06b3d5d774613c71a154d (HEAD -> master)
Author: zihao ling <zihao_ling@126.com>
Date:   Mon Nov 20 14:20:32 2017 +0800

    save a file

commit bdc6160999c204c8d44447e90cbd8c333da3aca3
Author: zihao ling <zihao_ling@126.com>
Date:   Mon Nov 20 14:18:24 2017 +0800

    write a file


git log命令显示从最近到最远的提交日志，我们可以看到3次提交，最近的一次是append GPL，上一次是add distributed，最早的一次是wrote a readme file。 如果嫌输出信息太多，看得眼花缭乱的，可以试试加上--pretty=oneline参数：
$ git log --pretty=oneline
3628164fb26d48395383f8f31179f24e0882e1e0 append GPL
ea34578d5496d7dd233c827ed32a8cd576c5ee85 add distributed
cb926e7ea50ad11b8f9e909c05226233bf755030 wrote a readme file


5、返回上一个版本
首先，Git必须知道当前版本是哪个版本，在Git中，用HEAD表示当前版本，也就是最新的提交3628164...882e1e0（注意我的提交ID和你的肯定不一样），上一个版本就是HEAD^，上上一个版本就是HEAD^^，当然往上100个版本写100个^比较容易数不过来，所以写成HEAD~100。
现在，我们要把当前版本“append GPL”回退到上一个版本“add distributed”，就可以使用git reset命令：
$ git reset --hard HEAD^
HEAD is now at ea34578 add distributed

6、撤回
最新的那个版本append GPL已经看不到了！好比你从21世纪坐时光穿梭机来到了19世纪，想再回去已经回不去了，肿么办？
办法其实还是有的，只要上面的命令行窗口还没有被关掉，你就可以顺着往上找啊找啊，找到那个append GPL的commit id是3628164...，于是就可以指定回到未来的某个版本：
$ git reset --hard 3628164
HEAD is now at 3628164 append GPL

版本号没必要写全，前几位就可以了，Git会自动去找。当然也不能只写前一两位，因为Git可能会找到多个版本号，就无法确定是哪一个了。
再小心翼翼地看看readme.txt的内容：
果然，我胡汉三又回来了。


Git的版本回退速度非常快，因为Git在内部有个指向当前版本的HEAD指针，当你回退版本的时候，Git仅仅是把HEAD从指向append GPL：
 
改为指向add distributed：
 
然后顺便把工作区的文件更新了。所以你让HEAD指向哪个版本号，你就把当前版本定位在哪。
现在，你回退到了某个版本，关掉了电脑，第二天早上就后悔了，想恢复到新版本怎么办？找不到新版本的commit id怎么办？
在Git中，总是有后悔药可以吃的。当你用$ git reset --hard HEAD^回退到add distributed版本时，再想恢复到append GPL，就必须找到append GPL的commit id。Git提供了一个命令git reflog用来记录你的每一次命令：
$ git reflog
ea34578 HEAD@{0}: reset: moving to HEAD^
3628164 HEAD@{1}: commit: append GPL
ea34578 HEAD@{2}: commit: add distributed
cb926e7 HEAD@{3}: commit (initial): wrote a readme file

终于舒了口气，第二行显示append GPL的commit id是3628164，现在，你又可以乘坐时光机回到未来了。

7、总结
?	HEAD指向的版本就是当前版本，因此，Git允许我们在版本的历史之间穿梭，使用命令git reset --hard commit_id。
?	穿梭前，用git log可以查看提交历史，以便确定要回退到哪个版本。
?	要重返未来，用git reflog查看命令历史，以便确定要回到未来的哪个版本。

四、工组区和暂存区
工作区（Working Directory）
就是你在电脑里能看到的目录，比如我的learngit文件夹就是一个工作区：

版本库（Repository）
工作区有一个隐藏目录.git，这个不算工作区，而是Git的版本库。
Git的版本库里存了很多东西，其中最重要的就是称为stage（或者叫index）的暂存区，还有Git为我们自动创建的第一个分支master，以及指向master的一个指针叫HEAD。

因为我们创建Git版本库时，Git自动为我们创建了唯一一个master分支，所以，现在，git commit就是往master分支上提交更改。
你可以简单理解为，需要提交的文件修改通通放到暂存区，然后，一次性提交暂存区的所有修改。
Git管理的是修改，当你用git add命令后，在工作区的第一次修改被放入暂存区，准备提交，但是，在工作区的第二次修改并没有放入暂存区，所以，git commit只负责把暂存区的修改提交了，也就是第一次的修改被提交了，第二次的修改不会被提交。
那怎么提交第二次修改呢？你可以继续git add再git commit，也可以别着急提交第一次修改，先git add第二次修改，再git commit，就相当于把两次修改合并后一块提交了：
第一次修改 -> git add -> 第二次修改 -> git add -> git commit
Git是如何跟踪修改的，每次修改，如果不add到暂存区，那就不会加入到commit中。

1、	撤销更改（只是工作区的内容修改）
在你准备提交前，一杯咖啡起了作用，你猛然发现了“stupid boss”可能会让你丢掉这个月的奖金！
既然错误发现得很及时，就可以很容易地纠正它。你可以删掉最后一行，手动把文件恢复到上一个版本的状态。如果用git status查看一下：
$ git status
# On branch master
# Changes not staged for commit:
#   (use "git add <file>..." to update what will be committed)
#   (use "git checkout -- <file>..." to discard changes in working directory)
#
#       modified:   readme.txt
#
no changes added to commit (use "git add" and/or "git commit -a")

你可以发现，Git会告诉你，git checkout -- file可以丢弃工作区的修改：
命令git checkout -- readme.txt意思就是，把readme.txt文件在工作区的修改全部撤销，这里有两种情况：
一种是readme.txt自修改后还没有被放到暂存区，现在，撤销修改就回到和版本库一模一样的状态；
一种是readme.txt已经添加到暂存区后，又作了修改，现在，撤销修改就回到添加到暂存区后的状态。
总之，就是让这个文件回到最近一次git commit或git add时的状态。
git checkout -- file命令中的--很重要，没有--，就变成了“切换到另一个分支”的命令，我们在后面的分支管理中会再次遇到git checkout命令。

2、撤销更改（暂存区的内容修改）
现在假定是凌晨3点，你不但写了一些胡话，还git add到暂存区了
庆幸的是，在commit之前，你发现了这个问题。用git status查看一下，修改只是添加到了暂存区，还没有提交，Git同样告诉我们，用命令git reset HEAD file可以把暂存区的修改撤销掉（unstage），重新放回工作区：
$ git reset HEAD readme.txt
Unstaged changes after reset:
M       readme.txt

git reset命令既可以回退版本，也可以把暂存区的修改回退到工作区。当我们用HEAD时，表示最新的版本。
再用git status查看一下，现在暂存区是干净的，工作区有修改：
还记得如何丢弃工作区的修改吗？
整个世界终于清静了！

现在，假设你不但改错了东西，还从暂存区提交到了版本库，怎么办呢？还记得版本回退一节吗？可以回退到上一个版本。不过，这是有条件的，就是你还没有把自己的本地版本库推送到远程。还记得Git是分布式版本控制系统吗？我们后面会讲到远程版本库，一旦你把“stupid boss”提交推送到远程版本库，你就真的惨了……

2、	小结
场景1：当你改乱了工作区某个文件的内容，想直接丢弃工作区的修改时，用命令git checkout -- file。
场景2：当你不但改乱了工作区某个文件的内容，还添加到了暂存区时，想丢弃修改，分两步，第一步用命令git reset HEAD file，就回到了场景1，第二步按场景1操作。
场景3：已经提交了不合适的修改到版本库时，想要撤销本次提交，参考版本回退一节，不过前提是没有推送到远程库。

五、删除文件
在Git中，删除也是一个修改操作，我们实战一下，先添加一个新文件test.txt到Git并且提交：
一般情况下，你通常直接在文件管理器中把没用的文件删了，或者用rm命令删了：
这个时候，Git知道你删除了文件，因此，工作区和版本库就不一致了，git status命令会立刻告诉你哪些文件被删除了：
$ git status
# On branch master
# Changes not staged for commit:
#   (use "git add/rm <file>..." to update what will be committed)
#   (use "git checkout -- <file>..." to discard changes in working directory)
#
#       deleted:    test.txt
#
no changes added to commit (use "git add" and/or "git commit -a")


现在你有两个选择，一是确实要从版本库中删除该文件，那就用命令git rm删掉，并且git commit：
$ git rm test.txt
rm 'test.txt'
$ git commit -m "remove test.txt"
[master d17efd8] remove test.txt
 1 file changed, 1 deletion(-)
 delete mode 100644 test.txt

现在，文件就从版本库中被删除了。
另一种情况是删错了，因为版本库里还有呢，所以可以很轻松地把误删的文件恢复到最新版本：
$ git checkout -- test.txt

git checkout其实是用版本库里的版本替换工作区的版本，无论工作区是修改还是删除，都可以“一键还原”。

六、远程仓库
Git是分布式版本控制系统，同一个Git仓库，可以分布到不同的机器上。怎么分布呢？最早，肯定只有一台机器有一个原始版本库，此后，别的机器可以“克隆”这个原始版本库，而且每台机器的版本库其实都是一样的，并没有主次之分。
你肯定会想，至少需要两台机器才能玩远程库不是？但是我只有一台电脑，怎么玩？
其实一台电脑上也是可以克隆多个版本库的，只要不在同一个目录下。不过，现实生活中是不会有人这么傻的在一台电脑上搞几个远程库玩，因为一台电脑上搞几个远程库完全没有意义，而且硬盘挂了会导致所有库都挂掉，所以我也不告诉你在一台电脑上怎么克隆多个仓库。
实际情况往往是这样，找一台电脑充当服务器的角色，每天24小时开机，其他每个人都从这个“服务器”仓库克隆一份到自己的电脑上，并且各自把各自的提交推送到服务器仓库里，也从服务器仓库中拉取别人的提交。
完全可以自己搭建一台运行Git的服务器，不过现阶段，为了学Git先搭个服务器绝对是小题大作。好在这个世界上有个叫GitHub的神奇的网站，从名字就可以看出，这个网站就是提供Git仓库托管服务的，所以，只要注册一个GitHub账号，就可以免费获得Git远程仓库。
在继续阅读后续内容前，请自行注册GitHub账号。由于你的本地Git仓库和GitHub仓库之间的传输是通过SSH加密的，所以，需要一点设置：
1、第1步：创建SSH Key。在用户主目录下，看看有没有.ssh目录，如果有，再看看这个目录下有没有id_rsa和id_rsa.pub这两个文件，如果已经有了，可直接跳到下一步。如果没有，打开Shell（Windows下打开Git Bash），创建SSH Key：
ssh-keygen -t rsa -C "youremail@example.com"

你需要把邮件地址换成你自己的邮件地址，然后一路回车，使用默认值即可，由于这个Key也不是用于军事目的，所以也无需设置密码。
如果一切顺利的话，可以在用户主目录里找到.ssh目录，里面有id_rsa和id_rsa.pub两个文件，这两个就是SSH Key的秘钥对，id_rsa是私钥，不能泄露出去，id_rsa.pub是公钥，可以放心地告诉任何人。

2、第2步：登陆GitHub，打开“Account settings”，“SSH Keys”页面：
然后，点“Add SSH Key”，填上任意Title，在Key文本框里粘贴id_rsa.pub文件的内容：
 
点“Add Key”，你就应该看到已经添加的Key：
为什么GitHub需要SSH Key呢？因为GitHub需要识别出你推送的提交确实是你推送的，而不是别人冒充的，而Git支持SSH协议，所以，GitHub只要知道了你的公钥，就可以确认只有你自己才能推送。
当然，GitHub允许你添加多个Key。假定你有若干电脑，你一会儿在公司提交，一会儿在家里提交，只要把每台电脑的Key都添加到GitHub，就可以在每台电脑上往GitHub推送了。
最后友情提示，在GitHub上免费托管的Git仓库，任何人都可以看到喔（但只有你自己才能改）。所以，不要把敏感信息放进去。
如果你不想让别人看到Git库，有两个办法，一个是交点保护费，让GitHub把公开的仓库变成私有的，这样别人就看不见了（不可读更不可写）。另一个办法是自己动手，搭一个Git服务器，因为是你自己的Git服务器，所以别人也是看不见的。这个方法我们后面会讲到的，相当简单，公司内部开发必备。
确保你拥有一个GitHub账号后，我们就即将开始远程仓库的学习。

先，登陆GitHub，然后，在右上角找到“Create a new repo”按钮，创建一个新的仓库：
 
目前，在GitHub上的这个learngit仓库还是空的，GitHub告诉我们，可以从这个仓库克隆出新的仓库，也可以把一个已有的本地仓库与之关联，然后，把本地仓库的内容推送到GitHub仓库。
现在，我们根据GitHub的提示，在本地的learngit仓库下运行命令：
$ git remote add origin git@github.com:michaelliao/learngit.git

连接远程仓库： 
git remote add origin https://github.com/OliveKong/poster.git 
(其实是将https://github.com/OliveKong/poster.git 重新名命，缩写为origin) 
如果要换到另一个远程仓库，先删除当前远程仓库，再添加新仓库： 
git remote rm origin 
git remote add origin https://github.com/OliveKong/poster2.git 
查看远程库信息：git remote -v

请千万注意，把上面的michaelliao替换成你自己的GitHub账户名，否则，你在本地关联的就是我的远程库，关联没有问题，但是你以后推送是推不上去的，因为你的SSH Key公钥不在我的账户列表中。
添加后，远程库的名字就是origin，这是Git默认的叫法，也可以改成别的，但是origin这个名字一看就知道是远程库。
下一步，就可以把本地库的所有内容推送到远程库上：
$ git push -u origin master
Counting objects: 19, done.
Delta compression using up to 4 threads.
Compressing objects: 100% (19/19), done.
Writing objects: 100% (19/19), 13.73 KiB, done.
Total 23 (delta 6), reused 0 (delta 0)
To git@github.com:michaelliao/learngit.git
 * [new branch]      master -> master
Branch master set up to track remote branch master from origin.

把本地库的内容推送到远程，用git push命令，实际上是把当前分支master推送到远程。
由于远程库是空的，我们第一次推送master分支时，加上了-u参数，Git不但会把本地的master分支内容推送的远程新的master分支，还会把本地的master分支和远程的master分支关联起来，在以后的推送或者拉取时就可以简化命令。
推送成功后，可以立刻在GitHub页面中看到远程库的内容已经和本地一模一样：
 

从现在起，只要本地作了提交，就可以通过命令：
$ git push origin master


把本地master分支的最新修改推送至GitHub，现在，你就拥有了真正的分布式版本库！

一、SSH警告
当你第一次使用Git的clone或者push命令连接GitHub时，会得到一个警告：
The authenticity of host 'github.com (xx.xx.xx.xx)' can't be established.
RSA key fingerprint is xx.xx.xx.xx.xx.
Are you sure you want to continue connecting (yes/no)?
这是因为Git使用SSH连接，而SSH连接在第一次验证GitHub服务器的Key时，需要你确认GitHub的Key的指纹信息是否真的来自GitHub的服务器，输入yes回车即可。
Git会输出一个警告，告诉你已经把GitHub的Key添加到本机的一个信任列表里了：
Warning: Permanently added 'github.com' (RSA) to the list of known hosts.
这个警告只会出现一次，后面的操作就不会有任何警告了。
如果你实在担心有人冒充GitHub服务器，输入yes前可以对照GitHub的RSA Key的指纹信息是否与SSH连接给出的一致。
二、从远程库克隆
现在，假设我们从零开发，那么最好的方式是先创建远程库，然后，从远程库克隆。
首先，登陆GitHub，创建一个新的仓库，名字叫gitskills：
 
我们勾选Initialize this repository with a README，这样GitHub会自动为我们创建一个README.md文件。创建完毕后，可以看到README.md文件：
 
现在，远程库已经准备好了，下一步是用命令git clone克隆一个本地库：
$ git clone git@github.com:michaelliao/gitskills.git
Cloning into 'gitskills'...
remote: Counting objects: 3, done.
remote: Total 3 (delta 0), reused 0 (delta 0)
Receiving objects: 100% (3/3), done.

$ cd gitskills
$ ls
README.md


注意把Git库的地址换成你自己的，然后进入gitskills目录看看，已经有README.md文件了。

你也许还注意到，GitHub给出的地址不止一个，还可以用https://github.com/michaelliao/gitskills.git这样的地址。实际上，Git支持多种协议，默认的git://使用ssh，但也可以使用https等其他协议。
使用https除了速度慢以外，还有个最大的麻烦是每次推送都必须输入口令，但是在某些只开放http端口的公司内部就无法使用ssh协议而只能用https。

二、小结
要关联一个远程库，使用命令git remote add origin git@server-name:path/repo-name.git；
关联后，使用命令git push -u origin master第一次推送master分支的所有内容；
此后，每次本地提交后，只要有必要，就可以使用命令git push origin master推送最新修改；
分布式版本系统的最大好处之一是在本地工作完全不需要考虑远程库的存在，也就是有没有联网都可以正常工作，而SVN在没有联网的时候是拒绝干活的！当有网络的时候，再把本地提交推送一下就完成了同步，真是太方便了！

要克隆一个仓库，首先必须知道仓库的地址，然后使用git clone命令克隆。
Git支持多种协议，包括https，但通过ssh支持的原生git协议速度最快。


七、分支管理
在版本回退里，你已经知道，每次提交，Git都把它们串成一条时间线，这条时间线就是一个分支。截止到目前，只有一条时间线，在Git里，这个分支叫主分支，即master分支。HEAD严格来说不是指向提交，而是指向master，master才是指向提交的，所以，HEAD指向的就是当前分支。
一开始的时候，master分支是一条线，Git用master指向最新的提交，再用HEAD指向master，就能确定当前分支，以及当前分支的提交点。
每次提交，master分支都会向前移动一步，这样，随着你不断提交，master分支的线也越来越长：
当我们创建新的分支，例如dev时，Git新建了一个指针叫dev，指向master相同的提交，再把HEAD指向dev，就表示当前分支在dev上：
 
你看，Git创建一个分支很快，因为除了增加一个dev指针，改改HEAD的指向，工作区的文件都没有任何变化！
不过，从现在开始，对工作区的修改和提交就是针对dev分支了，比如新提交一次后，dev指针往前移动一步，而master指针不变：
 

假如我们在dev上的工作完成了，就可以把dev合并到master上。Git怎么合并呢？最简单的方法，就是直接把master指向dev的当前提交，就完成了合并：
 
所以Git合并分支也很快！就改改指针，工作区内容也不变！
合并完分支后，甚至可以删除dev分支。删除dev分支就是把dev指针给删掉，删掉后，我们就剩下了一条master分支

 

1、	首先，我们创建dev分支，然后切换到dev分支：
2、	$ git checkout -b dev
3、	Switched to a new branch 'dev'

git checkout命令加上-b参数表示创建并切换，相当于以下两条命令：
$ git branch dev
$ git checkout dev
Switched to branch 'dev'
用git branch命令查看当前分支
$ git branch
* dev
  maste

git branch命令会列出所有分支，当前分支前面会标一个*号。
然后，我们就可以在dev分支上正常提交，比如对readme.txt做个修改，加上一行：
然后提交：
现在，dev分支的工作完成，我们就可以切换回master分支：
$ git checkout master
Switched to branch 'master'
切换回master分支后，再查看一个readme.txt文件，刚才添加的内容不见了！因为那个提交是在dev分支上，而master分支此刻的提交点并没有变：
 

2、现在，我们把dev分支的工作成果合并到master分支上：
$ git merge dev
Updating d17efd8..fec145a
Fast-forward
 readme.txt |    1 +
 1 file changed, 1 insertion(+)
git merge命令用于合并指定分支到当前分支。合并后，再查看readme.txt的内容，就可以看到，和dev分支的最新提交是完全一样的。
注意到上面的Fast-forward信息，Git告诉我们，这次合并是“快进模式”，也就是直接把master指向dev的当前提交，所以合并速度非常快。
当然，也不是每次合并都能Fast-forward，我们后面会讲其他方式的合并。
合并完成后，就可以放心地删除dev分支了：

$ git branch -d dev
Deleted branch dev (was fec145a).
删除后，查看branch，就只剩下master分支了：
$ git branch
* master
因为创建、合并和删除分支非常快，所以Git鼓励你使用分支完成某个任务，合并后再删掉分支，这和直接在master分支上工作效果是一样的，但过程更安全。
3、小结
Git鼓励大量使用分支：
查看分支：git branch
创建分支：git branch <name>
切换分支：git checkout <name>
创建+切换分支：git checkout -b <name>
合并某分支到当前分支：git merge <name>
删除分支：git branch -d <name>

八、分支冲突
当Git无法自动合并分支时，就必须首先解决冲突。解决冲突后，再提交，合并完成。
用git log --graph命令可以看到分支合并图。

当出现重复的地方会出现错误，修改一下，删掉一个，选择一个就可以。
九、分支管理
分支策略
在实际开发中，我们应该按照几个基本原则进行分支管理：
首先，master分支应该是非常稳定的，也就是仅用来发布新版本，平时不能在上面干活；
那在哪干活呢？干活都在dev分支上，也就是说，dev分支是不稳定的，到某个时候，比如1.0版本发布时，再把dev分支合并到master上，在master分支发布1.0版本；
你和你的小伙伴们每个人都在dev分支上干活，每个人都有自己的分支，时不时地往dev分支上合并就可以了。
 

准备合并dev分支，请注意--no-ff参数，表示禁用Fast forward
$ git merge --no-ff -m "merge with no-ff" dev
Merge made by the 'recursive' strategy.
 readme.txt |    1 +
 1 file changed, 1 insertion(+)
因为本次合并要创建一个新的commit，所以加上-m参数，把commit描述写进去。
合并后，我们用git log看看分支历史：
$ git log --graph --pretty=oneline --abbrev-commit
*   7825a50 merge with no-ff
|\
| * 6224937 add merge
|/
*   59bc1cb conflict fixed
...
可以看到，不使用Fast forward模式，merge后就像这样：
 



1、小结
Git分支十分强大，在团队开发中应该充分应用。
合并分支时，加上--no-ff参数就可以用普通模式合并，合并后的历史有分支，能看出来曾经做过合并，而fast forward合并就看不出来曾经做过合并。

十、BUG分支
Git还提供了一个stash功能，可以把当前工作现场“储藏”起来，等以后恢复现场后继续工作：
$ git stash
Saved working directory and index state WIP on dev: 6224937 add merge
HEAD is now at 6224937 add merge
现在，用git status查看工作区，就是干净的（除非有没有被Git管理的文件），因此可以放心地创建分支来修复bug。
首先确定要在哪个分支上修复bug，假定需要在master分支上修复，就从master创建临时分支：
现在修复bug，需要把“Git is free software ...”改为“Git is a free software ...”，然后提交：
修复完成后，切换到master分支，并完成合并，最后删除issue-101分支：
$ git checkout master
Switched to branch 'master'
Your branch is ahead of 'origin/master' by 2 commits.
$ git merge --no-ff -m "merged bug fix 101" issue-101
Merge made by the 'recursive' strategy.
 readme.txt |    2 +-
 1 file changed, 1 insertion(+), 1 deletion(-)
$ git branch -d issue-101
Deleted branch issue-101 (was cc17032).
太棒了，原计划两个小时的bug修复只花了5分钟！现在，是时候接着回到dev分支干活了！
工作区是干净的，刚才的工作现场存到哪去了？用git stash list命令看看：
$ git stash list
stash@{0}: WIP on dev: 6224937 add merge
工作现场还在，Git把stash内容存在某个地方了，但是需要恢复一下，有两个办法：
一是用git stash apply恢复，但是恢复后，stash内容并不删除，你需要用git stash drop来删除；
另一种方式是用git stash pop，恢复的同时把stash内容也删了：

你可以多次stash，恢复的时候，先用git stash list查看，然后恢复指定的stash，用命令：
$ git stash apply stash@{0}

1、小结
修复bug时，我们会通过创建新的bug分支进行修复，然后合并，最后删除；
当手头工作没有完成时，先把工作现场git stash一下，然后去修复bug，修复后，再git stash pop，回到工作现场。
十一、Feature分支
就在此时，接到上级命令，因经费不足，新功能必须取消！
虽然白干了，但是这个分支还是必须就地销毁：
$ git branch -d feature-vulcan
error: The branch 'feature-vulcan' is not fully merged.
If you are sure you want to delete it, run 'git branch -D feature-vulcan'.
销毁失败。Git友情提醒，feature-vulcan分支还没有被合并，如果删除，将丢失掉修改，如果要强行删除，需要使用命令git branch -D feature-vulcan。
现在我们强行删除：
$ git branch -D feature-vulcan
Deleted branch feature-vulcan (was 756d4af).
终于删除成功！

1、小结
开发一个新feature，最好新建一个分支；
如果要丢弃一个没有被合并过的分支，可以通过git branch -D <name>强行删除。
十二、多人协助
当你从远程仓库克隆时，实际上Git自动把本地的master分支和远程的master分支对应起来了，并且，远程仓库的默认名称是origin。
要查看远程库的信息，用git remote：
$ git remote
origin
或者，用git remote -v显示更详细的信息：
$ git remote -v
origin  git@github.com:michaelliao/learngit.git (fetch)
origin  git@github.com:michaelliao/learngit.git (push)
上面显示了可以抓取和推送的origin的地址。如果没有推送权限，就看不到push的地址。

推送分支
推送分支，就是把该分支上的所有本地提交推送到远程库。推送时，要指定本地分支，这样，Git就会把该分支推送到远程库对应的远程分支上：
$ git push origin master
如果要推送其他分支，比如dev，就改成：
$ git push origin dev

但是，并不是一定要把本地分支往远程推送，那么，哪些分支需要推送，哪些不需要呢？
master分支是主分支，因此要时刻与远程同步；
dev分支是开发分支，团队所有成员都需要在上面工作，所以也需要与远程同步；
bug分支只用于在本地修复bug，就没必要推到远程了，除非老板要看看你每周到底修复了几个bug；
feature分支是否推到远程，取决于你是否和你的小伙伴合作在上面开发。
总之，就是在Git中，分支完全可以在本地自己藏着玩，是否推送，视你的心情而定！


抓取分支
多人协作时，大家都会往master和dev分支上推送各自的修改。
现在，模拟一个你的小伙伴，可以在另一台电脑（注意要把SSH Key添加到GitHub）或者同一台电脑的另一个目录下克隆。
现在，你的小伙伴要在dev分支上开发，就必须创建远程origin的dev分支到本地，于是他用这个命令创建本地dev分支：
$ git checkout -b dev origin/dev
现在，他就可以在dev上继续修改，然后，时不时地把dev分支push到远程。
$ git commit -m "add /usr/bin/env"
[dev 291bea8] add /usr/bin/env
 1 file changed, 1 insertion(+)
$ git push origin dev
Counting objects: 5, done.
Delta compression using up to 4 threads.
Compressing objects: 100% (2/2), done.
Writing objects: 100% (3/3), 349 bytes, done.
Total 3 (delta 0), reused 0 (delta 0)
To git@github.com:michaelliao/learngit.git
   fc38031..291bea8  dev -> dev


你的小伙伴已经向origin/dev分支推送了他的提交，而碰巧你也对同样的文件作了修改，并试图推送：
$ git add hello.py 
$ git commit -m "add coding: utf-8"
[dev bd6ae48] add coding: utf-8
 1 file changed, 1 insertion(+)
$ git push origin dev
To git@github.com:michaelliao/learngit.git
 ! [rejected]        dev -> dev (non-fast-forward)
error: failed to push some refs to 'git@github.com:michaelliao/learngit.git'
hint: Updates were rejected because the tip of your current branch is behind
hint: its remote counterpart. Merge the remote changes (e.g. 'git pull')
hint: before pushing again.
hint: See the 'Note about fast-forwards' in 'git push --help' for details.
推送失败，因为你的小伙伴的最新提交和你试图推送的提交有冲突，解决办法也很简单，Git已经提示我们，先用git pull把最新的提交从origin/dev抓下来，然后，在本地合并，解决冲突，再推送：
$ git pull
remote: Counting objects: 5, done.
remote: Compressing objects: 100% (2/2), done.
remote: Total 3 (delta 0), reused 3 (delta 0)
Unpacking objects: 100% (3/3), done.
From github.com:michaelliao/learngit
   fc38031..291bea8  dev        -> origin/dev
There is no tracking information for the current branch.
Please specify which branch you want to merge with.
See git-pull(1) for details

    git pull <remote> <branch>

If you wish to set tracking information for this branch you can do so with:

    git branch --set-upstream dev origin/<branch>
git pull也失败了，原因是没有指定本地dev分支与远程origin/dev分支的链接，根据提示，设置dev和origin/dev的链接：
$ git branch --set-upstream dev origin/dev
Branch dev set up to track remote branch dev from origin.
再pull：
$ git pull
Auto-merging hello.py
CONFLICT (content): Merge conflict in hello.py
Automatic merge failed; fix conflicts and then commit the result.
这回git pull成功，但是合并有冲突，需要手动解决，解决的方法和分支管理中的解决冲突完全一样。解决后，提交，再push：
$ git commit -m "merge & fix hello.py"
[dev adca45d] merge & fix hello.py
$ git push origin dev
Counting objects: 10, done.
Delta compression using up to 4 threads.
Compressing objects: 100% (5/5), done.
Writing objects: 100% (6/6), 747 bytes, done.
Total 6 (delta 0), reused 0 (delta 0)
To git@github.com:michaelliao/learngit.git
   291bea8..adca45d  dev -> dev
1、远程多人协作流程
因此，多人协作的工作模式通常是这样：
1首先，可以试图用git push origin branch-name推送自己的修改；
2如果推送失败，则因为远程分支比你的本地更新，需要先用git pull试图合并；
3如果合并有冲突，则解决冲突，并在本地提交；
4没有冲突或者解决掉冲突后，再用git push origin branch-name推送就能成功！
5如果git pull提示“no tracking information”，则说明本地分支和远程分支的链接关系没有创建，用命令git branch --set-upstream branch-name origin/branch-name。
这就是多人协作的工作模式，一旦熟悉了，就非常简单。

2、小结：
查看远程库信息，使用git remote -v
本地新建的分支如果不推送到远程，对其他人就是不可见的
从本地推送分支，使用git push origin branch-name，如果推送失败，先用git pull抓取远程的新提交
在本地创建和远程分支对应的分支，使用git checkout -b branch-name origin/branch-name，本地和远程分支的名称最好一致
建立本地分支和远程分支的关联，使用git branch --set-upstream branch-name origin/branch-name
从远程抓取分支，使用git pull，如果有冲突，要先处理冲突。

十三、标签管理
发布一个版本时，我们通常先在版本库中打一个标签（tag），这样，就唯一确定了打标签时刻的版本。将来无论什么时候，取某个标签的版本，就是把那个打标签的时刻的历史版本取出来。所以，标签也是版本库的一个快照。
Git的标签虽然是版本库的快照，但其实它就是指向某个commit的指针（跟分支很像对不对？但是分支可以移动，标签不能移动），所以，创建和删除标签都是瞬间完成的。
所以，tag就是一个让人容易记住的有意义的名字，它跟某个commit绑在一起。


在Git中打标签非常简单，首先，切换到需要打标签的分支上：
$ git branch
* dev
  master
$ git checkout master
Switched to branch 'master'
然后，敲命令git tag <name>就可以打一个新标签：
$ git tag v1.0
可以用命令git tag查看所有标签：
$ git tag
v1.0
默认标签是打在最新提交的commit上的。有时候，如果忘了打标签，比如，现在已经是周五了，但应该在周一打的标签没有打，怎么办？
方法是找到历史提交的commit id，然后打上就可以了：
$ git log --pretty=oneline --abbrev-commit
6a5819e merged bug fix 101
cc17032 fix bug 101
7825a50 merge with no-ff
6224937 add merge
59bc1cb conflict fixed
400b400 & simple
75a857c AND simple
fec145a branch test
d17efd8 remove test.txt
...
比方说要对add merge这次提交打标签，它对应的commit id是6224937，敲入命令：
$ git tag v0.9 6224937
再用命令git tag查看标签：
$ git tag
v0.9
v1.0
注意，标签不是按时间顺序列出，而是按字母排序的。可以用git show <tagname>查看标签信息：
$ git show v0.9
commit 622493706ab447b6bb37e4e2a2f276a20fed2ab4
Author: Michael Liao <askxuefeng@gmail.com>
Date:   Thu Aug 22 11:22:08 2013 +0800

    add merge
...
可以看到，v0.9确实打在add merge这次提交上。
还可以创建带有说明的标签，用-a指定标签名，-m指定说明文字：
$ git tag -a v0.1 -m "version 0.1 released" 3628164
用命令git show <tagname>可以看到说明文字：
$ git show v0.1
tag v0.1
Tagger: Michael Liao <askxuefeng@gmail.com>
Date:   Mon Aug 26 07:28:11 2013 +0800

version 0.1 released

commit 3628164fb26d48395383f8f31179f24e0882e1e0
Author: Michael Liao <askxuefeng@gmail.com>
Date:   Tue Aug 20 15:11:49 2013 +0800

    append GPL
还可以通过-s用私钥签名一个标签
签名采用PGP签名，因此，必须首先安装gpg（GnuPG），如果没有找到gpg，或者没有gpg密钥对，就会报错。

1、小结
1 命令git tag <name>用于新建一个标签，默认为HEAD，也可以指定一个commit id；

2  git tag -a <tagname> -m "blablabla..."可以指定标签信息；

3  git tag -s <tagname> -m "blablabla..."可以用PGP签名标签；

4命令git tag可以查看所有标签。

十四、操作标签
1、删除本地标签
如果标签打错了，也可以删除：
$ git tag -d v0.1
Deleted tag 'v0.1' (was e078af9)
因为创建的标签都只存储在本地，不会自动推送到远程。所以，打错的标签可以在本地安全删除。
如果要推送某个标签到远程，使用命令git push origin <tagname>：
$ git push origin v1.0
Total 0 (delta 0), reused 0 (delta 0)
To git@github.com:michaelliao/learngit.git
 * [new tag]         v1.0 -> v1.0
或者，一次性推送全部尚未推送到远程的本地标签：
$ git push origin --tags
Counting objects: 1, done.
Writing objects: 100% (1/1), 554 bytes, done.
Total 1 (delta 0), reused 0 (delta 0)
To git@github.com:michaelliao/learngit.git
 * [new tag]         v0.2 -> v0.2
 * [new tag]         v0.9 -> v0.9
2、删除远程标签
如果标签已经推送到远程，要删除远程标签就麻烦一点，先从本地删除：
$ git tag -d v0.9
Deleted tag 'v0.9' (was 6224937)
然后，从远程删除。删除命令也是push，但是格式如下：
$ git push origin :refs/tags/v0.9
To git@github.com:michaelliao/learngit.git
 - [deleted]         v0.9
要看看是否真的从远程库删除了标签，可以登陆GitHub查看。


3、小结
1 命令git push origin <tagname>可以推送一个本地标签；
2 命令git push origin --tags可以推送全部未推送过的本地标签；
3 命令git tag -d <tagname>可以删除一个本地标签；
4命令git push origin :refs/tags/<tagname>可以删除一个远程标签。

十五、连接多个远程库
使用多个远程库时，我们要注意，git给远程库起的默认名称是origin，如果有多个远程库，我们需要用不同的名称来标识不同的远程库。
仍然以learngit本地库为例，我们先删除已关联的名为origin的远程库：
git remote rm origin
然后，先关联GitHub的远程库：
git remote add github git@github.com:michaelliao/learngit.git
注意，远程库的名称叫github，不叫origin了。
接着，再关联码云的远程库：
git remote add gitee git@gitee.com:liaoxuefeng/learngit.git
同样注意，远程库的名称叫gitee，不叫origin。
现在，我们用git remote -v查看远程库信息，可以看到两个远程库：
git remote -v
gitee    git@gitee.com:liaoxuefeng/learngit.git (fetch)
gitee    git@gitee.com:liaoxuefeng/learngit.git (push)
github    git@github.com:michaelliao/learngit.git (fetch)
github    git@github.com:michaelliao/learngit.git (push)
如果要推送到GitHub，使用命令：
git push github master
如果要推送到码云，使用命令：
git push gitee master
这样一来，我们的本地库就可以同时与多个远程库互相同步：
 
十六、自定义GIT

1、显示颜色
在安装Git一节中，我们已经配置了user.name和user.email，实际上，Git还有很多可配置项。
比如，让Git显示颜色，会让命令输出看起来更醒目：
$ git config --global color.ui true
这样，Git会适当地显示不同的颜色，比如git status命令。

2、忽略特殊文件
有些时候，你必须把某些文件放到Git工作目录中，但又不能提交它们，比如保存了数据库密码的配置文件啦，等等，每次git status都会显示Untracked files ...，有强迫症的童鞋心里肯定不爽。
好在Git考虑到了大家的感受，这个问题解决起来也很简单，在Git工作区的根目录下创建一个特殊的.gitignore文件，然后把要忽略的文件名填进去，Git就会自动忽略这些文件。
不需要从头写.gitignore文件，GitHub已经为我们准备了各种配置文件，只需要组合一下就可以使用了。所有配置文件可以直接在线浏览：https://github.com/github/gitignore
忽略文件的原则是：
1 忽略操作系统自动生成的文件，比如缩略图等；
2 忽略编译生成的中间文件、可执行文件等，也就是如果一个文件是通过另一个文件自动生成的，那自动生成的文件就没必要放进版本库，比如Java编译产生的.class文件；
3 忽略你自己的带有敏感信息的配置文件，比如存放口令的配置文件。

举例：
假设你在Windows下进行Python开发，Windows会自动在有图片的目录下生成隐藏的缩略图文件，如果有自定义目录，目录下就会有Desktop.ini文件，因此你需要忽略Windows自动生成的垃圾文件：
# Windows:
Thumbs.db
ehthumbs.db
Desktop.ini
然后，继续忽略Python编译产生的.pyc、.pyo、dist等文件或目录：
# Python:
*.py[cod]
*.so
*.egg
*.egg-info
dist
build
加上你自己定义的文件，最终得到一个完整的.gitignore文件，内容如下：
# Windows:
Thumbs.db
ehthumbs.db
Desktop.ini

# Python:
*.py[cod]
*.so
*.egg
*.egg-info
dist
build

# My configurations:
db.ini
deploy_key_rsa
最后一步就是把.gitignore也提交到Git，就完成了！当然检验.gitignore的标准是git status命令是不是说working directory clean。

使用Windows的童鞋注意了，如果你在资源管理器里新建一个.gitignore文件，它会非常弱智地提示你必须输入文件名，但是在文本编辑器里“保存”或者“另存为”就可以把文件保存为.gitignore了。
有些时候，你想添加一个文件到Git，但发现添加不了，原因是这个文件被.gitignore忽略了：
$ git add App.class
The following paths are ignored by one of your .gitignore files:
App.class
Use -f if you really want to add them.
如果你确实想添加该文件，可以用-f强制添加到Git：
$ git add -f App.class
或者你发现，可能是.gitignore写得有问题，需要找出来到底哪个规则写错了，可以用git check-ignore命令检查：
$ git check-ignore -v App.class
.gitignore:3:*.class    App.class
Git会告诉我们，.gitignore的第3行规则忽略了该文件，于是我们就可以知道应该修订哪个规则。
3、配置别名
我们只需要敲一行命令，告诉Git，以后st就表示status：
$ git config --global alias.st status
好了，现在敲git st看看效果。
当然还有别的命令可以简写，很多人都用co表示checkout，ci表示commit，br表示branch：
$ git config --global alias.co checkout
$ git config --global alias.ci commit
$ git config --global alias.br branch
以后提交就可以简写成：
$ git ci -m "bala bala bala..."
--global参数是全局参数，也就是这些命令在这台电脑的所有Git仓库下都有用。

配置一个git last，让其显示最后一次提交信息：
$ git config --global alias.last 'log -1'
4、配置文件
配置Git的时候，加上--global是针对当前用户起作用的，如果不加，那只针对当前的仓库起作用。
配置文件放哪了？每个仓库的Git配置文件都放在.git/config文件中
$ cat .git/config 
[core]
    repositoryformatversion = 0
    filemode = true
    bare = false
    logallrefupdates = true
    ignorecase = true
    precomposeunicode = true
[remote "origin"]
    url = git@github.com:michaelliao/learngit.git
    fetch = +refs/heads/*:refs/remotes/origin/*
[branch "master"]
    remote = origin
    merge = refs/heads/master
[alias]
    last = log -1
别名就在[alias]后面，要删除别名，直接把对应的行删掉即可。
而当前用户的Git配置文件放在用户主目录下的一个隐藏文件.gitconfig中：
$ cat .gitconfig
[alias]
    co = checkout
    ci = commit
    br = branch
    st = status
[user]
    name = Your Name
    email = your@email.com
配置别名也可以直接修改这个文件，如果改错了，可以删掉文件重新通过命令配置。
5、搭建Git服务器
在远程仓库一节中，我们讲了远程仓库实际上和本地仓库没啥不同，纯粹为了7x24小时开机并交换大家的修改。
GitHub就是一个免费托管开源代码的远程仓库。但是对于某些视源代码如生命的商业公司来说，既不想公开源代码，又舍不得给GitHub交保护费，那就只能自己搭建一台Git服务器作为私有仓库使用。
搭建Git服务器需要准备一台运行Linux的机器，强烈推荐用Ubuntu或Debian，这样，通过几条简单的apt命令就可以完成安装。
假设你已经有sudo权限的用户账号，下面，正式开始安装。
1、第一步，安装git：
$ sudo apt-get install git
2、第二步，创建一个git用户，用来运行git服务：
$ sudo adduser git
3、第三步，创建证书登录：
收集所有需要登录的用户的公钥，就是他们自己的id_rsa.pub文件，把所有公钥导入到/home/git/.ssh/authorized_keys文件里，一行一个。
4、第四步，初始化Git仓库：
先选定一个目录作为Git仓库，假定是/srv/sample.git，在/srv目录下输入命令：
$ sudo git init --bare sample.git
Git就会创建一个裸仓库，裸仓库没有工作区，因为服务器上的Git仓库纯粹是为了共享，所以不让用户直接登录到服务器上去改工作区，并且服务器上的Git仓库通常都以.git结尾。然后，把owner改为git：
$ sudo chown -R git:git sample.git
5、第五步，禁用shell登录：
出于安全考虑，第二步创建的git用户不允许登录shell，这可以通过编辑/etc/passwd文件完成。找到类似下面的一行：
git:x:1001:1001:,,,:/home/git:/bin/bash
改为：
git:x:1001:1001:,,,:/home/git:/usr/bin/git-shell
这样，git用户可以正常通过ssh使用git，但无法登录shell，因为我们为git用户指定的git-shell每次一登录就自动退出。
6、第六步，克隆远程仓库：
现在，可以通过git clone命令克隆远程仓库了，在各自的电脑上运行：
$ git clone git@server:/srv/sample.git
Cloning into 'sample'...
warning: You appear to have cloned an empty repository.
剩下的推送就简单了。
管理公钥
如果团队很小，把每个人的公钥收集起来放到服务器的/home/git/.ssh/authorized_keys文件里就是可行的。如果团队有几百号人，就没法这么玩了，这时，可以用Gitosis来管理公钥。
这里我们不介绍怎么玩Gitosis了，几百号人的团队基本都在500强了，相信找个高水平的Linux管理员问题不大。
管理权限
有很多不但视源代码如生命，而且视员工为窃贼的公司，会在版本控制系统里设置一套完善的权限控制，每个人是否有读写权限会精确到每个分支甚至每个目录下。因为Git是为Linux源代码托管而开发的，所以Git也继承了开源社区的精神，不支持权限控制。不过，因为Git支持钩子（hook），所以，可以在服务器端编写一系列脚本来控制提交等操作，达到权限控制的目的。Gitolite就是这个工具。
这里我们也不介绍Gitolite了，不要把有限的生命浪费到权限斗争中。

